Number of significant species: 7s__Anaerotruncus_sp_G3_2012
s__Asaccharobacter_celatus
s__Clostridium_sp_ASF502
s__Dubosiella_newyorkensis
s__Firmicutes_bacterium_ASF500
s__Lachnospiraceae_bacterium_3_2
s__Lachnospiraceae_bacterium_A4
